<html>
<body>
<pre>
<h1>µVision Build Log</h1>
<h2>Tool Versions:</h2>
IDE-Version: ¦ÌVision V5.27.1.0
Copyright (C) 2019 ARM Ltd and ARM Germany GmbH. All rights reserved.
License Information: xykj xykj, xykj, LIC=RC93N-YVVPM-MMF9I-TQVWB-0JQCG-4E67K
 
Tool Versions:
Toolchain:       MDK-ARM Plus  Version: 5.27.1.0
Toolchain Path:  C:\Keil_v5\ARM\ARMCC\Bin
C Compiler:      Armcc.exe V5.06 update 6 (build 750)
Assembler:       Armasm.exe V5.06 update 6 (build 750)
Linker/Locator:  ArmLink.exe V5.06 update 6 (build 750)
Library Manager: ArmAr.exe V5.06 update 6 (build 750)
Hex Converter:   FromElf.exe V5.06 update 6 (build 750)
CPU DLL:         SARMCM3.DLL V5.27.1.0
Dialog DLL:      DCM.DLL V1.17.2.0
Target DLL:      CMSIS_AGDI.dll V1.31.17.0
Dialog DLL:      TCM.DLL V1.36.1.0
 
<h2>Project:</h2>
C:\Users\27731\Downloads\DSO\MDK-ARM\407.uvprojx
Project File Date:  04/12/2022

<h2>Output:</h2>
*** Using Compiler 'V5.06 update 6 (build 750)', folder: 'C:\Keil_v5\ARM\ARMCC\Bin'
Build target '407'
assembling startup_stm32f407xx.s...
compiling adc.c...
compiling fsmc.c...
compiling dac.c...
compiling gpio.c...
compiling rng.c...
compiling tim.c...
compiling lcd.c...
..\Core\Src\lcd.c(1760): warning:  #550-D: variable "twidth"  was set but never used
          uint16_t twidth, theight;
..\Core\Src\lcd.c(1760): warning:  #550-D: variable "theight"  was set but never used
          uint16_t twidth, theight;
..\Core\Src\lcd.c: 2 warnings, 0 errors
compiling main.c...
../Core/Src/main.c(87): warning:  #177-D: variable "t"  was declared but never referenced
      uint8_t t;
../Core/Src/main.c: 1 warning, 0 errors
compiling stm32f4xx_it.c...
compiling stm32f4xx_hal_msp.c...
compiling stm32f4xx_hal_hcd.c...
compiling stm32f4xx_hal_rcc_ex.c...
compiling stm32f4xx_hal_flash.c...
compiling stm32f4xx_hal_rcc.c...
compiling stm32f4xx_ll_usb.c...
compiling stm32f4xx_hal_flash_ex.c...
compiling stm32f4xx_hal_flash_ramfunc.c...
compiling stm32f4xx_hal_pwr_ex.c...
compiling stm32f4xx_hal_pwr.c...
compiling stm32f4xx_hal_gpio.c...
compiling stm32f4xx_hal_cortex.c...
compiling stm32f4xx_hal_dma.c...
compiling stm32f4xx_hal_dma_ex.c...
compiling stm32f4xx_hal.c...
compiling stm32f4xx_hal_exti.c...
compiling stm32f4xx_hal_dac_ex.c...
compiling stm32f4xx_hal_dac.c...
compiling stm32f4xx_ll_fsmc.c...
compiling stm32f4xx_hal_adc.c...
compiling stm32f4xx_hal_adc_ex.c...
compiling stm32f4xx_hal_sram.c...
compiling stm32f4xx_hal_rng.c...
compiling lv_disp.c...
compiling lv_group.c...
compiling lv_event.c...
..\lvgl\src\core\lv_event.c(120): warning:  #188-D: enumerated type mixed with another type
      return e->code & ~LV_EVENT_PREPROCESS;
..\lvgl\src\core\lv_event.c: 1 warning, 0 errors
compiling lv_indev.c...
compiling lv_indev_scroll.c...
compiling lv_obj_class.c...
compiling lv_obj.c...
compiling lv_obj_draw.c...
compiling lv_obj_scroll.c...
compiling lv_obj_style_gen.c...
compiling lv_obj_pos.c...
compiling lv_obj_tree.c...
compiling lv_obj_style.c...
compiling lv_draw.c...
compiling lv_draw_arc.c...
compiling lv_draw_img.c...
compiling lv_theme.c...
compiling lv_refr.c...
compiling lv_draw_line.c...
compiling lv_draw_rect.c...
compiling lv_draw_triangle.c...
compiling lv_draw_label.c...
compiling system_stm32f4xx.c...
compiling lv_img_cache.c...
compiling lv_draw_sw.c...
compiling lv_draw_mask.c...
compiling lv_img_buf.c...
compiling stm32f4xx_hal_tim_ex.c...
compiling lv_img_decoder.c...
compiling lv_draw_sw_dither.c...
compiling lv_draw_sw_arc.c...
compiling stm32f4xx_hal_tim.c...
compiling lv_draw_sw_gradient.c...
compiling lv_draw_sw_letter.c...
compiling lv_draw_sw_img.c...
compiling lv_draw_sw_blend.c...
compiling lv_draw_sw_line.c...
compiling lv_draw_sw_polygon.c...
compiling lv_gpu_stm32_dma2d.c...
compiling lv_extra.c...
compiling lv_gridnav.c...
compiling lv_snapshot.c...
compiling lv_monkey.c...
compiling lv_flex.c...
..\lvgl\src\extra\layouts\flex\lv_flex.c(97): warning:  #188-D: enumerated type mixed with another type
      LV_STYLE_FLEX_MAIN_PLACE = lv_style_register_prop() | LV_STYLE_PROP_LAYOUT_REFR;
..\lvgl\src\extra\layouts\flex\lv_flex.c(98): warning:  #188-D: enumerated type mixed with another type
      LV_STYLE_FLEX_CROSS_PLACE = lv_style_register_prop() | LV_STYLE_PROP_LAYOUT_REFR;
..\lvgl\src\extra\layouts\flex\lv_flex.c(99): warning:  #188-D: enumerated type mixed with another type
      LV_STYLE_FLEX_TRACK_PLACE = lv_style_register_prop() | LV_STYLE_PROP_LAYOUT_REFR;
..\lvgl\src\extra\layouts\flex\lv_flex.c: 3 warnings, 0 errors
compiling lv_grid.c...
..\lvgl\src\extra\layouts\grid\lv_grid.c(134): warning:  #188-D: enumerated type mixed with another type
      LV_STYLE_GRID_COLUMN_DSC_ARRAY = lv_style_register_prop() | LV_STYLE_PROP_LAYOUT_REFR;
..\lvgl\src\extra\layouts\grid\lv_grid.c(135): warning:  #188-D: enumerated type mixed with another type
      LV_STYLE_GRID_ROW_DSC_ARRAY = lv_style_register_prop() | LV_STYLE_PROP_LAYOUT_REFR;
..\lvgl\src\extra\layouts\grid\lv_grid.c(136): warning:  #188-D: enumerated type mixed with another type
      LV_STYLE_GRID_COLUMN_ALIGN = lv_style_register_prop() | LV_STYLE_PROP_LAYOUT_REFR;
..\lvgl\src\extra\layouts\grid\lv_grid.c(137): warning:  #188-D: enumerated type mixed with another type
      LV_STYLE_GRID_ROW_ALIGN = lv_style_register_prop() | LV_STYLE_PROP_LAYOUT_REFR;
..\lvgl\src\extra\layouts\grid\lv_grid.c(139): warning:  #188-D: enumerated type mixed with another type
      LV_STYLE_GRID_CELL_ROW_SPAN = lv_style_register_prop() | LV_STYLE_PROP_LAYOUT_REFR;
..\lvgl\src\extra\layouts\grid\lv_grid.c(140): warning:  #188-D: enumerated type mixed with another type
      LV_STYLE_GRID_CELL_ROW_POS = lv_style_register_prop() | LV_STYLE_PROP_LAYOUT_REFR;
..\lvgl\src\extra\layouts\grid\lv_grid.c(141): warning:  #188-D: enumerated type mixed with another type
      LV_STYLE_GRID_CELL_COLUMN_SPAN = lv_style_register_prop() | LV_STYLE_PROP_LAYOUT_REFR;
..\lvgl\src\extra\layouts\grid\lv_grid.c(142): warning:  #188-D: enumerated type mixed with another type
      LV_STYLE_GRID_CELL_COLUMN_POS = lv_style_register_prop() | LV_STYLE_PROP_LAYOUT_REFR;
..\lvgl\src\extra\layouts\grid\lv_grid.c(143): warning:  #188-D: enumerated type mixed with another type
      LV_STYLE_GRID_CELL_X_ALIGN = lv_style_register_prop() | LV_STYLE_PROP_LAYOUT_REFR;
..\lvgl\src\extra\layouts\grid\lv_grid.c(144): warning:  #188-D: enumerated type mixed with another type
      LV_STYLE_GRID_CELL_Y_ALIGN = lv_style_register_prop() | LV_STYLE_PROP_LAYOUT_REFR;
..\lvgl\src\extra\layouts\grid\lv_grid.c(589): warning:  #188-D: enumerated type mixed with another type
      lv_grid_align_t col_align = get_cell_col_align(item);
..\lvgl\src\extra\layouts\grid\lv_grid.c(590): warning:  #188-D: enumerated type mixed with another type
      lv_grid_align_t row_align = get_cell_row_align(item);
..\lvgl\src\extra\layouts\grid\lv_grid.c: 12 warnings, 0 errors
compiling lv_draw_sw_rect.c...
..\lvgl\src\draw\sw\lv_draw_sw_rect.c(239): warning:  #546-D: transfer of control bypasses initialization of:
            variable "mask_any_center"  (declared at line 286)
          goto bg_clean_up;
          ^
..\lvgl\src\draw\sw\lv_draw_sw_rect.c: 1 warning, 0 errors
compiling lv_theme_basic.c...
compiling lv_calendar_header_arrow.c...
compiling lv_animimg.c...
compiling lv_theme_mono.c...
compiling lv_calendar_header_dropdown.c...
compiling lv_calendar.c...
compiling lv_colorwheel.c...
compiling lv_list.c...
compiling lv_theme_default.c...
..\lvgl\src\extra\themes\default\lv_theme_default.c(213): warning:  #188-D: enumerated type mixed with another type
..\lvgl\src\extra\themes\default\lv_theme_default.c: 1 warning, 0 errors
compiling lv_keyboard.c...
compiling lv_imgbtn.c...
compiling lv_led.c...
compiling lv_menu.c...
compiling lv_chart.c...
compiling lv_tileview.c...
compiling lv_spinner.c...
compiling lv_msgbox.c...
compiling lv_tabview.c...
compiling lv_spinbox.c...
compiling lv_meter.c...
compiling lv_win.c...
compiling lv_span.c...
..\lvgl\src\extra\widgets\span\lv_span.c(881): warning:  #546-D: transfer of control bypasses initialization of:
            variable "align"  (declared at line 885)
              goto Next_line_init;
              ^
..\lvgl\src\extra\widgets\span\lv_span.c: 1 warning, 0 errors
compiling lv_bmp.c...
compiling lv_ffmpeg.c...
compiling lv_freetype.c...
compiling lv_fs_fatfs.c...
compiling lv_fs_posix.c...
compiling gifdec.c...
compiling lv_fs_stdio.c...
compiling lv_fs_win32.c...
compiling lv_gif.c...
compiling tjpgd.c...
compiling lv_png.c...
compiling lodepng.c...
compiling lv_qrcode.c...
compiling lv_sjpg.c...
compiling lv_rlottie.c...
compiling qrcodegen.c...
..\lvgl\src\extra\libs\qrcode\qrcodegen.c(278): warning:  #188-D: enumerated type mixed with another type
  	applyMask(tempBuffer, qrcode, mask);
..\lvgl\src\extra\libs\qrcode\qrcodegen.c(279): warning:  #188-D: enumerated type mixed with another type
  	drawFormatBits(ecl, mask, qrcode);
..\lvgl\src\extra\libs\qrcode\qrcodegen.c: 2 warnings, 0 errors
compiling lv_font.c...
compiling lv_font_fmt_txt.c...
..\lvgl\src\font\lv_font_fmt_txt.c(137): warning:  #111-D: statement is unreachable
      return NULL;
..\lvgl\src\font\lv_font_fmt_txt.c: 1 warning, 0 errors
compiling lv_font_dejavu_16_persian_hebrew.c...
compiling lv_font_montserrat_8.c...
compiling lv_font_montserrat_10.c...
compiling lv_font_montserrat_12.c...
compiling lv_font_loader.c...
compiling lv_font_montserrat_12_subpx.c...
compiling lv_font_montserrat_14.c...
compiling lv_font_montserrat_16.c...
compiling lv_font_montserrat_18.c...
compiling lv_font_montserrat_20.c...
compiling lv_font_montserrat_22.c...
compiling lv_font_montserrat_24.c...
compiling lv_font_montserrat_26.c...
compiling lv_font_montserrat_28.c...
compiling lv_font_montserrat_28_compressed.c...
compiling lv_font_montserrat_30.c...
compiling lv_font_montserrat_32.c...
compiling lv_font_montserrat_34.c...
compiling lv_font_montserrat_36.c...
compiling lv_font_montserrat_40.c...
compiling lv_font_montserrat_38.c...
compiling lv_font_montserrat_42.c...
compiling lv_font_montserrat_44.c...
compiling lv_font_montserrat_46.c...
compiling lv_font_montserrat_48.c...
compiling lv_hal_tick.c...
compiling lv_font_simsun_16_cjk.c...
compiling lv_hal_indev.c...
compiling lv_font_unscii_16.c...
compiling lv_font_unscii_8.c...
compiling lv_anim.c...
compiling lv_hal_disp.c...
..\lvgl\src\hal\lv_hal_disp.c(573): warning:  #188-D: enumerated type mixed with another type
      return disp->driver->rotated;
..\lvgl\src\hal\lv_hal_disp.c: 1 warning, 0 errors
compiling lv_async.c...
compiling lv_bidi.c...
compiling lv_anim_timeline.c...
compiling lv_color.c...
compiling lv_gc.c...
compiling lv_area.c...
compiling lv_ll.c...
compiling lv_fs.c...
compiling lv_log.c...
compiling lv_math.c...
compiling lv_lru.c...
..\lvgl\src\misc\lv_lru.c(313): warning:  #68-D: integer conversion resulted in a change of sign
      uint32_t i = 0, min_index = -1;
..\lvgl\src\misc\lv_lru.c(314): warning:  #68-D: integer conversion resulted in a change of sign
      uint64_t min_access_count = -1;
..\lvgl\src\misc\lv_lru.c: 2 warnings, 0 errors
compiling lv_templ.c...
compiling lv_mem.c...
..\lvgl\src\misc\lv_mem.c(311): warning:  #111-D: statement is unreachable
      return NULL;
..\lvgl\src\misc\lv_mem.c: 1 warning, 0 errors
compiling lv_style.c...
..\lvgl\src\misc\lv_style.c(74): warning:  #188-D: enumerated type mixed with another type
      return act_id;
..\lvgl\src\misc\lv_style.c: 1 warning, 0 errors
compiling lv_printf.c...
compiling lv_timer.c...
compiling lv_style_gen.c...
compiling lv_utils.c...
compiling lv_txt_ap.c...
compiling lv_tlsf.c...
..\lvgl\src\misc\lv_tlsf.c(898): warning:  #68-D: integer conversion resulted in a change of sign
          offset_to_block(pool, -(int)block_header_overhead);
..\lvgl\src\misc\lv_tlsf.c(1000): warning:  #68-D: integer conversion resulted in a change of sign
      block = offset_to_block(mem, -(tlsfptr_t)block_header_overhead);
..\lvgl\src\misc\lv_tlsf.c(1018): warning:  #68-D: integer conversion resulted in a change of sign
      block_header_t * block = offset_to_block(pool, -(int)block_header_overhead);
..\lvgl\src\misc\lv_tlsf.c: 3 warnings, 0 errors
compiling lv_txt.c...
compiling lv_btn.c...
compiling lv_bar.c...
compiling lv_arc.c...
compiling lv_checkbox.c...
compiling lv_btnmatrix.c...
compiling lv_canvas.c...
compiling lv_objx_templ.c...
compiling lv_dropdown.c...
compiling lv_img.c...
compiling lv_line.c...
compiling lv_label.c...
compiling lv_roller.c...
compiling lv_slider.c...
compiling lv_switch.c...
compiling dso_font_12.c...
compiling lv_table.c...
compiling lv_textarea.c...
compiling img_benchmark_cogwheel_alpha16.c...
compiling img_benchmark_cogwheel_argb.c...
compiling img_benchmark_cogwheel_chroma_keyed.c...
compiling lv_demo_benchmark.c...
compiling img_benchmark_cogwheel_indexed16.c...
compiling lv_font_bechmark_montserrat_12_compr_az.c.c...
compiling lv_font_bechmark_montserrat_16_compr_az.c.c...
compiling img_benchmark_cogwheel_rgb.c...
compiling lv_font_bechmark_montserrat_28_compr_az.c.c...
compiling lv_demo_keypad_encoder.c...
compiling img_lv_demo_music_btn_corner_large.c...
compiling img_lv_demo_music_btn_list_pause.c...
compiling img_lv_demo_music_btn_list_pause_large.c...
compiling img_lv_demo_music_btn_list_play.c...
compiling img_lv_demo_music_btn_list_play_large.c...
compiling img_lv_demo_music_btn_loop.c...
compiling img_lv_demo_music_btn_loop_large.c...
compiling img_lv_demo_music_btn_next.c...
compiling img_lv_demo_music_btn_next_large.c...
compiling img_lv_demo_music_btn_pause.c...
compiling img_lv_demo_music_btn_play.c...
compiling img_lv_demo_music_btn_pause_large.c...
compiling img_lv_demo_music_btn_prev_large.c...
compiling img_lv_demo_music_btn_play_large.c...
compiling img_lv_demo_music_btn_prev.c...
compiling img_lv_demo_music_btn_rnd.c...
compiling img_lv_demo_music_btn_rnd_large.c...
compiling img_lv_demo_music_corner_left_large.c...
compiling img_lv_demo_music_corner_left.c...
compiling img_lv_demo_music_corner_right.c...
compiling img_lv_demo_music_corner_right_large.c...
compiling img_lv_demo_music_cover_1.c...
compiling img_lv_demo_music_cover_1_large.c...
compiling img_lv_demo_music_icon_1.c...
compiling img_lv_demo_music_icon_1_large.c...
compiling img_lv_demo_music_cover_2.c...
compiling lv_user.c...
..\lv_user\lv_user.c(516): warning:  #550-D: variable "cnt"  was set but never used
      static uint8_t cnt = 0;
..\lv_user\lv_user.c: 1 warning, 0 errors
compiling img_lv_demo_music_cover_3.c...
compiling img_lv_demo_music_icon_2.c...
compiling img_lv_demo_music_cover_2_large.c...
compiling img_lv_demo_music_cover_3_large.c...
compiling img_lv_demo_music_icon_2_large.c...
compiling img_lv_demo_music_icon_3.c...
compiling img_lv_demo_music_icon_3_large.c...
compiling img_lv_demo_music_icon_4.c...
compiling img_lv_demo_music_icon_4_large.c...
compiling img_lv_demo_music_list_border.c...
compiling img_lv_demo_music_list_border_large.c...
compiling img_lv_demo_music_logo.c...
compiling img_lv_demo_music_slider_knob.c...
compiling img_lv_demo_music_slider_knob_large.c...
compiling img_lv_demo_music_wave_bottom.c...
compiling img_lv_demo_music_wave_top.c...
compiling img_lv_demo_music_wave_bottom_large.c...
compiling img_lv_demo_music_wave_top_large.c...
compiling lv_demo_music.c...
..\lvgl\demos\music\lv_demo_music.c(34): warning:  #550-D: variable "ctrl"  was set but never used
  static lv_obj_t * ctrl;
..\lvgl\demos\music\lv_demo_music.c(35): warning:  #550-D: variable "list"  was set but never used
  static lv_obj_t * list;
..\lvgl\demos\music\lv_demo_music.c: 2 warnings, 0 errors
compiling lv_demo_music_list.c...
compiling lv_demo_stress.c...
..\lvgl\demos\stress\lv_demo_stress.c(64): warning:  #546-D: transfer of control bypasses initialization of:
            variable "scale"  (declared at line 242)
            variable "msgbox_tmr"  (declared at line 251)
      switch(state) {
      ^
..\lvgl\demos\stress\lv_demo_stress.c: 1 warning, 0 errors
compiling lv_font_montserrat_12_compr_az.c...
compiling lv_font_montserrat_28_compr_az.c...
compiling lv_font_montserrat_16_compr_az.c...
compiling lv_demo_music_main.c...
compiling img_clothes.c...
compiling img_lvgl_logo.c...
compiling img_demo_widgets_avatar.c...
compiling lv_demo_widgets.c...
..\lvgl\demos\widgets\lv_demo_widgets.c(1065): warning:  #188-D: enumerated type mixed with another type
          lv_palette_t palette_secondary = (*palette_primary) + 3; /*Use another palette as secondary*/
..\lvgl\demos\widgets\lv_demo_widgets.c(1066): warning:  #188-D: enumerated type mixed with another type
          if(palette_secondary >= _LV_PALETTE_LAST) palette_secondary = 0;
..\lvgl\demos\widgets\lv_demo_widgets.c: 2 warnings, 0 errors
compiling usbh_pipes.c...
compiling usbh_conf.c...
compiling usb_host.c...
compiling usbh_ctlreq.c...
compiling usbh_core.c...
compiling usbh_ioreq.c...
compiling usbh_hid.c...
compiling usbh_hid_keybd.c...
compiling usbh_hid_mouse.c...
compiling usbh_hid_parser.c...
linking...
Program Size: Code=165056 RO-data=31408 RW-data=592 ZI-data=106648  
FromELF: creating hex file...
"407\407.axf" - 0 Error(s), 39 Warning(s).

<h2>Software Packages used:</h2>

Package Vendor: ARM
                http://www.keil.com/pack/ARM.CMSIS.5.5.1.pack
                ARM.CMSIS.5.5.1
                CMSIS (Cortex Microcontroller Software Interface Standard)
   * Component: CORE Version: 5.2.0

Package Vendor: Keil
                http://www.keil.com/pack/Keil.STM32F4xx_DFP.2.8.0.pack
                Keil.STM32F4xx_DFP.2.8.0
                STMicroelectronics STM32F4 Series Device Support, Drivers and Examples

<h2>Collection of Component include folders:</h2>
  .\RTE\_407
  C:\Users\27731\AppData\Local\Arm\Packs\ARM\CMSIS\5.5.1\CMSIS\Core\Include
  C:\Users\27731\AppData\Local\Arm\Packs\Keil\STM32F4xx_DFP\2.8.0\Drivers\CMSIS\Device\ST\STM32F4xx\Include

<h2>Collection of Component Files used:</h2>

   * Component: ARM::CMSIS:CORE:5.2.0
Build Time Elapsed:  00:00:24
</pre>
</body>
</html>
